{"timestamp":"2026-09-01T09:34:09.164Z","level":"error","message":"Database connection failed","code":"ECONNREFUSED","env":"development"}
{"timestamp":"2026-09-01T09:34:09.175Z","level":"error","message":"Failed to start server","code":"ECONNREFUSED","env":"development"}
{"timestamp":"2026-09-01T09:42:41.981Z","level":"error","message":"Database connection failed","code":"ECONNREFUSED","env":"development"}
{"timestamp":"2026-09-01T09:42:41.989Z","level":"error","message":"Failed to start server","code":"ECONNREFUSED","env":"development"}
{"timestamp":"2026-09-08T16:14:47.980Z","level":"error","message":"Database connection failed","code":"ECONNREFUSED","env":"development"}
{"timestamp":"2026-09-08T16:14:47.998Z","level":"error","message":"Failed to start server","code":"ECONNREFUSED","env":"development"}
{"timestamp":"2026-09-08T16:18:24.980Z","level":"error","message":"Database connection failed","code":"ECONNREFUSED","env":"development"}
{"timestamp":"2026-09-08T16:18:24.988Z","level":"error","message":"Failed to start server","code":"ECONNREFUSED","env":"development"}
{"timestamp":"2026-09-08T16:21:01.793Z","level":"error","message":"Database connection failed","code":"ECONNREFUSED","env":"development"}
{"timestamp":"2026-09-08T16:21:01.803Z","level":"error","message":"Failed to start server","code":"ECONNREFUSED","env":"development"}
{"timestamp":"2026-09-08T16:43:54.933Z","level":"error","message":"Database connection failed","errno":-101,"code":"ENETUNREACH","syscall":"connect","address":"2a05:d014:1e9b:b302:f15d:d60f:f100:a565","port":5432,"env":"development"}
{"timestamp":"2026-09-08T16:43:54.941Z","level":"error","message":"Failed to start server","errno":-101,"code":"ENETUNREACH","syscall":"connect","address":"2a05:d014:1e9b:b302:f15d:d60f:f100:a565","port":5432,"env":"development"}
{"timestamp":"2026-09-08T17:07:44.774Z","level":"error","message":"Database connection failed","errno":-101,"code":"ENETUNREACH","syscall":"connect","address":"2a05:d014:1e9b:b302:f15d:d60f:f100:a565","port":5432,"env":"development"}
{"timestamp":"2026-09-08T17:07:44.787Z","level":"error","message":"Failed to start server","errno":-101,"code":"ENETUNREACH","syscall":"connect","address":"2a05:d014:1e9b:b302:f15d:d60f:f100:a565","port":5432,"env":"development"}
{"timestamp":"2026-09-08T17:46:16.486Z","level":"error","message":"Query execution failed","error":{},"query":"\nSELECT table_name, column_name, data_type, udt_name\nFROM information_schema.columns\nWHERE table_schema='public'\nAND table_name IN ('lead_status_history','lead_notes','sales_activities','follow_ups','users','sales_team')\nORDER BY table_name, ordinal_position\n","env":"development"}
{"timestamp":"2026-09-08T17:50:46.959Z","level":"error","message":"Query execution failed","error":{"length":129,"name":"error","severity":"ERROR","code":"42703","position":"37","file":"parse_target.c","line":"1065","routine":"checkInsertTargets"},"query":"INSERT INTO leads \n            (id, customer_id, vehicle_id, lead_source, campaign, finance_intent, \n             deposit_available, status, priority, score, owner_id, assigned_at, created_at)\n            VALUES ($1, $2, $3, $4, $5, $6, $7, $8, $9, $10, $11, NOW(), NOW())","env":"development"}
{"timestamp":"2026-09-08T17:50:46.969Z","level":"error","message":"Failed to create lead","error":"column \"customer_id\" of relation \"leads\" does not exist","env":"development"}
{"timestamp":"2026-09-08T17:53:47.782Z","level":"error","message":"Query execution failed","error":{"length":164,"name":"error","severity":"ERROR","code":"42703","hint":"Perhaps you meant to reference the column \"leads.stage\".","position":"12","file":"parse_relation.c","line":"3723","routine":"errorMissingColumn"},"query":"SELECT id, status FROM leads WHERE customer_id = $1 ORDER BY created_at DESC LIMIT 1","env":"development"}
{"timestamp":"2026-09-08T17:53:47.792Z","level":"error","message":"Failed to create lead","error":"column \"status\" does not exist","env":"development"}
{"timestamp":"2026-09-08T17:57:41.836Z","level":"error","message":"Query execution failed","error":{"length":164,"name":"error","severity":"ERROR","code":"42703","hint":"Perhaps you meant to reference the column \"leads.stage\".","position":"12","file":"parse_relation.c","line":"3723","routine":"errorMissingColumn"},"query":"SELECT id, status FROM leads WHERE customer_id = $1 ORDER BY created_at DESC LIMIT 1","env":"development"}
{"timestamp":"2026-09-08T17:57:41.845Z","level":"error","message":"Failed to create lead","error":"column \"status\" does not exist","env":"development"}
{"timestamp":"2026-09-08T17:58:31.531Z","level":"error","message":"Query execution failed","error":{"length":164,"name":"error","severity":"ERROR","code":"42703","hint":"Perhaps you meant to reference the column \"leads.stage\".","position":"12","file":"parse_relation.c","line":"3723","routine":"errorMissingColumn"},"query":"SELECT id, status FROM leads WHERE customer_id = $1 ORDER BY created_at DESC LIMIT 1","env":"development"}
{"timestamp":"2026-09-08T17:58:31.538Z","level":"error","message":"Failed to create lead","error":"column \"status\" does not exist","env":"development"}
{"timestamp":"2026-09-08T17:59:25.553Z","level":"error","message":"Query execution failed","error":{"length":164,"name":"error","severity":"ERROR","code":"42703","hint":"Perhaps you meant to reference the column \"leads.stage\".","position":"12","file":"parse_relation.c","line":"3723","routine":"errorMissingColumn"},"query":"SELECT id, status FROM leads WHERE customer_id = $1 ORDER BY created_at DESC LIMIT 1","env":"development"}
{"timestamp":"2026-09-08T17:59:25.564Z","level":"error","message":"Failed to create lead","error":"column \"status\" does not exist","env":"development"}
{"timestamp":"2026-09-08T18:03:59.946Z","level":"error","message":"Query execution failed","error":{"length":164,"name":"error","severity":"ERROR","code":"42703","hint":"Perhaps you meant to reference the column \"leads.stage\".","position":"12","file":"parse_relation.c","line":"3723","routine":"errorMissingColumn"},"query":"SELECT id, status FROM leads WHERE customer_id = $1 ORDER BY created_at DESC LIMIT 1","env":"development"}
{"timestamp":"2026-09-08T18:03:59.953Z","level":"error","message":"Failed to create lead","error":"column \"status\" does not exist","env":"development"}
{"timestamp":"2026-09-08T18:03:59.965Z","level":"error","message":"API Error: Failed to create lead","statusCode":500,"path":"/api/leads","method":"POST","details":{"error":"column \"status\" does not exist"},"stack":"Error: Failed to create lead\n    at createLead (file:///root/zs-websites/backend/controllers/leadsController.js:166:14)\n    at process.processTicksAndRejections (node:internal/process/task_queues:104:5)","env":"development"}
{"timestamp":"2026-09-08T18:04:20.856Z","level":"error","message":"Query execution failed","error":{"length":164,"name":"error","severity":"ERROR","code":"42703","hint":"Perhaps you meant to reference the column \"leads.stage\".","position":"12","file":"parse_relation.c","line":"3723","routine":"errorMissingColumn"},"query":"SELECT id, status FROM leads WHERE customer_id = $1 ORDER BY created_at DESC LIMIT 1","env":"development"}
{"timestamp":"2026-09-08T18:04:20.864Z","level":"error","message":"Failed to create lead","error":"column \"status\" does not exist","env":"development"}
{"timestamp":"2026-09-08T18:04:20.868Z","level":"error","message":"API Error: Failed to create lead","statusCode":500,"path":"/api/leads","method":"POST","details":{"error":"column \"status\" does not exist"},"stack":"Error: Failed to create lead\n    at createLead (file:///root/zs-websites/backend/controllers/leadsController.js:166:14)\n    at process.processTicksAndRejections (node:internal/process/task_queues:104:5)","env":"development"}
{"timestamp":"2026-09-08T18:16:49.062Z","level":"error","message":"Database connection failed","env":"development"}
{"timestamp":"2026-09-08T18:16:49.084Z","level":"error","message":"Failed to start server","env":"development"}
{"timestamp":"2026-09-08T18:17:22.725Z","level":"error","message":"Query execution failed","error":{"length":164,"name":"error","severity":"ERROR","code":"42703","hint":"Perhaps you meant to reference the column \"leads.stage\".","position":"12","file":"parse_relation.c","line":"3723","routine":"errorMissingColumn"},"query":"SELECT id, status FROM leads WHERE customer_id = $1 ORDER BY created_at DESC LIMIT 1","env":"development"}
{"timestamp":"2026-09-08T18:17:22.733Z","level":"error","message":"Failed to create lead","error":"column \"status\" does not exist","env":"development"}
{"timestamp":"2026-09-08T18:17:22.748Z","level":"error","message":"API Error: Failed to create lead","statusCode":500,"path":"/api/leads","method":"POST","details":{"error":"column \"status\" does not exist"},"stack":"Error: Failed to create lead\n    at createLead (file:///root/zs-websites/backend/controllers/leadsController.js:166:14)\n    at process.processTicksAndRejections (node:internal/process/task_queues:104:5)","env":"development"}
{"timestamp":"2026-09-08T18:26:19.695Z","level":"error","message":"Database connection failed","env":"development"}
{"timestamp":"2026-09-08T18:26:19.715Z","level":"error","message":"Failed to start server","env":"development"}
{"timestamp":"2026-09-08T18:52:01.644Z","level":"error","message":"Query execution failed","error":{},"query":"SELECT id, full_name, phone_number, email, stage, source, created_at FROM leads ORDER BY created_at DESC LIMIT 5","env":"development"}
{"timestamp":"2026-09-08T19:28:48.222Z","level":"error","message":"Login failed","error":"secretOrPrivateKey must have a value","env":"development"}
{"timestamp":"2026-09-08T19:28:48.237Z","level":"error","message":"API Error: Login failed","statusCode":500,"path":"/api/auth/login","method":"POST","details":{},"stack":"Error: Login failed\n    at login (file:///root/zs-websites/backend/controllers/authController.js:127:14)\n    at process.processTicksAndRejections (node:internal/process/task_queues:104:5)","env":"development"}
{"timestamp":"2026-09-08T19:29:05.501Z","level":"error","message":"Query execution failed","error":{"length":200,"name":"error","severity":"ERROR","code":"42883","hint":"No function matches the given name and argument types. You might need to add explicit type casts.","position":"45","file":"parse_func.c","line":"629","routine":"ParseFuncOrColumn"},"query":"SELECT password_hash FROM users WHERE email=LOWER()","env":"development"}
{"timestamp":"2026-09-08T19:29:20.242Z","level":"error","message":"Query execution failed","error":{"length":200,"name":"error","severity":"ERROR","code":"42883","hint":"No function matches the given name and argument types. You might need to add explicit type casts.","position":"45","file":"parse_func.c","line":"629","routine":"ParseFuncOrColumn"},"query":"SELECT password_hash FROM users WHERE email=LOWER()","env":"development"}
{"timestamp":"2026-09-08T19:31:48.040Z","level":"error","message":"Login failed","error":"secretOrPrivateKey must have a value","env":"development"}
{"timestamp":"2026-09-08T19:31:48.044Z","level":"error","message":"API Error: Login failed","statusCode":500,"path":"/api/auth/login","method":"POST","details":{},"stack":"Error: Login failed\n    at login (file:///root/zs-websites/backend/controllers/authController.js:127:14)\n    at process.processTicksAndRejections (node:internal/process/task_queues:104:5)","env":"development"}
{"timestamp":"2026-09-08T19:52:13.859Z","level":"error","message":"API Error: Unexpected token 'H', ...\"password\":HGCtaglcxO\"... is not valid JSON","statusCode":400,"path":"/api/auth/login","method":"POST","details":{},"stack":"SyntaxError: Unexpected token 'H', ...\"password\":HGCtaglcxO\"... is not valid JSON\n    at JSON.parse (<anonymous>)\n    at parse (/root/zs-websites/backend/node_modules/body-parser/lib/types/json.js:96:19)\n    at /root/zs-websites/backend/node_modules/body-parser/lib/read.js:128:18\n    at AsyncResource.runInAsyncScope (node:async_hooks:227:14)\n    at invokeCallback (/root/zs-websites/backend/node_modules/raw-body/index.js:238:16)\n    at done (/root/zs-websites/backend/node_modules/raw-body/index.js:227:7)\n    at IncomingMessage.onEnd (/root/zs-websites/backend/node_modules/raw-body/index.js:287:7)\n    at IncomingMessage.emit (node:events:509:28)\n    at endReadableNT (node:internal/streams/readable:1736:12)\n    at process.processTicksAndRejections (node:internal/process/task_queues:90:21)","env":"development"}
{"timestamp":"2026-09-08T22:37:01.529Z","level":"error","message":"Query execution failed","error":{},"query":"\n    SELECT\n      column_name,\n      data_type,\n      is_nullable,\n      column_default\n    FROM information_schema.columns\n    WHERE table_schema = 'public'\n      AND table_name = $1\n    ORDER BY ordinal_position\n  ","env":"development"}
{"timestamp":"2026-09-09T12:44:56.059Z","level":"error","message":"Query execution failed","error":{},"query":"SELECT id, username, email, password_hash, first_name, last_name, role, is_active FROM users WHERE email = LOWER($1)","env":"development"}
{"timestamp":"2026-09-09T12:44:56.067Z","level":"error","message":"Login failed","error":"Connection terminated unexpectedly","env":"development"}
{"timestamp":"2026-09-09T12:44:56.068Z","level":"error","message":"API Error: Login failed","statusCode":500,"path":"/api/auth/login","method":"POST","details":{},"stack":"Error: Login failed\n    at login (file:///root/zs-websites/backend/controllers/authController.js:127:14)\n    at process.processTicksAndRejections (node:internal/process/task_queues:104:5)","env":"development"}
{"timestamp":"2026-09-10T18:01:11.165Z","level":"error","message":"Query execution failed","error":{},"query":"\n            SELECT\n                id,\n                created_at,\n                make,\n                model,\n                year,\n                variant,\n                mileage,\n                price_zar,\n                est_monthly_zar,\n                color,\n                transmission,\n                fuel_type,\n                status,\n                image_urls,\n                description\n            FROM vehicles\n            WHERE status = 'Available'\n            ORDER BY year DESC, make ASC, model ASC\n        ","env":"development"}
{"timestamp":"2026-09-10T18:01:11.181Z","level":"error","message":"API Error: Connection terminated unexpectedly","statusCode":500,"path":"/api/vehicles","method":"GET","details":{},"stack":"Error: Connection terminated unexpectedly\n    at /root/zs-websites/backend/node_modules/pg-pool/index.js:45:11\n    at process.processTicksAndRejections (node:internal/process/task_queues:104:5)\n    at async query (file:///root/zs-websites/backend/config/database.js:52:24)\n    at async file:///root/zs-websites/backend/routes/vehicles.js:11:24","env":"development"}
{"timestamp":"2026-09-19T06:49:37.290Z","level":"error","message":"Database connection failed","length":84,"name":"error","severity":"FATAL","code":"XX000","env":"test"}
{"timestamp":"2026-09-19T06:49:37.321Z","level":"error","message":"Failed to start server","length":84,"name":"error","severity":"FATAL","code":"XX000","env":"test"}
{"timestamp":"2026-09-19T17:46:11.567Z","level":"error","message":"Database connection failed","length":84,"name":"error","severity":"FATAL","code":"XX000","env":"development"}
{"timestamp":"2026-09-19T17:46:17.978Z","level":"error","message":"Database connection failed","length":84,"name":"error","severity":"FATAL","code":"XX000","env":"development"}
{"timestamp":"2026-09-19T17:46:25.043Z","level":"error","message":"Database connection failed","length":84,"name":"error","severity":"FATAL","code":"XX000","env":"development"}
{"timestamp":"2026-09-19T18:10:04.803Z","level":"error","message":"Query execution failed","error":{},"query":"SELECT id, username, email, role, is_active FROM users ORDER BY email","env":"development"}
{"timestamp":"2026-09-19T18:15:32.810Z","level":"error","message":"Query execution failed","error":{"length":94,"name":"error","severity":"ERROR","code":"42601","position":"33","file":"scan.l","line":"1244","routine":"scanner_yyerror"},"query":"UPDATE users SET password_hash= WHERE email=LOWER()","env":"development"}
{"timestamp":"2026-09-19T18:17:58.935Z","level":"error","message":"Query execution failed","error":{"length":201,"name":"error","severity":"ERROR","code":"42883","hint":"No function matches the given name and argument types. You might need to add explicit type casts.","position":"102","file":"parse_func.c","line":"629","routine":"ParseFuncOrColumn"},"query":"SELECT email, username, role, is_active, length(password_hash) AS hash_length FROM users WHERE email=LOWER()","env":"development"}
{"timestamp":"2026-09-19T19:21:56.145Z","level":"error","message":"Query execution failed","error":{"length":209,"name":"error","severity":"ERROR","code":"42883","hint":"No function matches the given name and argument types. You might need to add explicit type casts.","position":"8","file":"parse_func.c","line":"629","routine":"ParseFuncOrColumn"},"query":"SELECT PostGIS_Version()","env":"development"}
{"timestamp":"2026-09-19T19:32:26.990Z","level":"error","message":"Database connection failed","env":"development"}
