{"timestamp":"2026-09-08T17:50:46.984Z","level":"warn","message":"Validation error","errors":[{"type":"field","value":"","msg":"First name required","path":"first_name","location":"body"},{"type":"field","value":"","msg":"Surname required","path":"surname","location":"body"},{"type":"field","value":"","msg":"Phone number required","path":"phone","location":"body"}],"env":"development"}
{"timestamp":"2026-09-08T17:53:47.577Z","level":"warn","message":"Slow query detected (1009ms)","text":"SELECT id, email, phone FROM customers WHERE email = LOWER($1) OR phone = $2","env":"development"}
{"timestamp":"2026-09-08T17:53:47.586Z","level":"warn","message":"Duplicate customer detected","existingId":"89ae6c09-84a9-4fd4-ace0-b0294c72bee9","email":"plm-api-test@example.com","phone":"","env":"development"}
{"timestamp":"2026-09-08T17:53:47.798Z","level":"warn","message":"Validation error","errors":[{"type":"field","value":"","msg":"First name required","path":"first_name","location":"body"},{"type":"field","value":"","msg":"Surname required","path":"surname","location":"body"},{"type":"field","value":"","msg":"Phone number required","path":"phone","location":"body"}],"env":"development"}
{"timestamp":"2026-09-08T17:57:41.626Z","level":"warn","message":"Duplicate customer detected","existingId":"89ae6c09-84a9-4fd4-ace0-b0294c72bee9","email":"plm-api-test@example.com","phone":"","env":"development"}
{"timestamp":"2026-09-08T17:57:41.847Z","level":"warn","message":"Validation error","errors":[{"type":"field","value":"","msg":"First name required","path":"first_name","location":"body"},{"type":"field","value":"","msg":"Surname required","path":"surname","location":"body"},{"type":"field","value":"","msg":"Phone number required","path":"phone","location":"body"}],"env":"development"}
{"timestamp":"2026-09-08T17:58:31.337Z","level":"warn","message":"Duplicate customer detected","existingId":"89ae6c09-84a9-4fd4-ace0-b0294c72bee9","email":"plm-api-test@example.com","phone":"","env":"development"}
{"timestamp":"2026-09-08T17:58:31.541Z","level":"warn","message":"Validation error","errors":[{"type":"field","value":"","msg":"First name required","path":"first_name","location":"body"},{"type":"field","value":"","msg":"Surname required","path":"surname","location":"body"},{"type":"field","value":"","msg":"Phone number required","path":"phone","location":"body"}],"env":"development"}
{"timestamp":"2026-09-08T17:59:25.355Z","level":"warn","message":"Slow query detected (1999ms)","text":"SELECT id, email, phone FROM customers WHERE email = LOWER($1) OR phone = $2","env":"development"}
{"timestamp":"2026-09-08T17:59:25.361Z","level":"warn","message":"Duplicate customer detected","existingId":"89ae6c09-84a9-4fd4-ace0-b0294c72bee9","email":"plm-api-test@example.com","phone":"","env":"development"}
{"timestamp":"2026-09-08T17:59:25.569Z","level":"warn","message":"Validation error","errors":[{"type":"field","value":"","msg":"First name required","path":"first_name","location":"body"},{"type":"field","value":"","msg":"Surname required","path":"surname","location":"body"},{"type":"field","value":"","msg":"Phone number required","path":"phone","location":"body"}],"env":"development"}
{"timestamp":"2026-09-08T18:03:59.752Z","level":"warn","message":"Duplicate customer detected","existingId":"89ae6c09-84a9-4fd4-ace0-b0294c72bee9","email":"plm-api-test@example.com","env":"development"}
{"timestamp":"2026-09-08T18:04:20.660Z","level":"warn","message":"Duplicate customer detected","existingId":"89ae6c09-84a9-4fd4-ace0-b0294c72bee9","email":"plm-api-test@example.com","env":"development"}
{"timestamp":"2026-09-08T18:17:22.527Z","level":"warn","message":"Duplicate customer detected","existingId":"89ae6c09-84a9-4fd4-ace0-b0294c72bee9","email":"plm-api-test@example.com","env":"development"}
{"timestamp":"2026-09-09T12:44:38.893Z","level":"warn","message":"Authentication failed","error":"No token provided","env":"development"}
{"timestamp":"2026-09-09T12:46:38.393Z","level":"warn","message":"Slow query detected (1779ms)","text":"SELECT id, username, email, password_hash, first_name, last_name, role, is_active FROM users WHERE e","env":"development"}
{"timestamp":"2026-09-09T12:53:25.008Z","level":"warn","message":"Authentication failed","error":"No token provided","env":"development"}
{"timestamp":"2026-09-09T15:08:51.177Z","level":"warn","message":"Authentication failed","error":"No token provided","env":"development"}
{"timestamp":"2026-09-09T15:23:08.056Z","level":"warn","message":"Authentication failed","error":"No token provided","env":"development"}
{"timestamp":"2026-09-09T15:23:16.060Z","level":"warn","message":"Authentication failed","error":"No token provided","env":"development"}
{"timestamp":"2026-09-10T10:38:19.085Z","level":"warn","message":"Authentication failed","error":"No token provided","env":"development"}
{"timestamp":"2026-09-10T18:00:29.626Z","level":"warn","message":"Authentication failed","error":"No token provided","env":"development"}
{"timestamp":"2026-09-10T18:00:41.849Z","level":"warn","message":"Authentication failed","error":"No token provided","env":"development"}
{"timestamp":"2026-09-19T18:08:02.533Z","level":"warn","message":"Authentication failed","error":"No token provided","env":"development"}
{"timestamp":"2026-09-19T18:08:58.632Z","level":"warn","message":"Authentication failed","error":"Invalid token","env":"development"}
{"timestamp":"2026-09-19T18:20:28.613Z","level":"warn","message":"Authentication failed","error":"Invalid token","env":"development"}
{"timestamp":"2026-09-19T18:22:30.825Z","level":"warn","message":"Authentication failed","error":"Invalid token","env":"development"}
{"timestamp":"2026-09-19T18:25:26.224Z","level":"warn","message":"Authentication failed","error":"Invalid token","env":"development"}
{"timestamp":"2026-09-19T18:26:45.238Z","level":"warn","message":"Authentication failed","error":"Invalid token","env":"development"}
{"timestamp":"2026-09-19T18:27:52.756Z","level":"warn","message":"Authentication failed","error":"Invalid token","env":"development"}
{"timestamp":"2026-09-19T18:29:50.932Z","level":"warn","message":"Authentication failed","error":"Invalid token","env":"development"}
